
Calling precalcularPrediccionesCompletas with 13 alumnos...
[DEBUG] Alumno 5, Materia 1: cursada found? YES
[DEBUG] Recursado variables calculated for 5
[DEBUG] Alumno 5, Materia 1: proximosExamenes count = 1
[DEBUG] Examen variables calculated for 5: Recuperatorio inst2
[DEBUG] Alumno 6, Materia 1: cursada found? YES
[DEBUG] Recursado variables calculated for 6
[DEBUG] Alumno 6, Materia 1: proximosExamenes count = 1
[DEBUG] Examen variables calculated for 6: Parcial inst1
[DEBUG] Alumno 7, Materia 1: cursada found? YES
[DEBUG] Recursado variables calculated for 7
[DEBUG] Alumno 7, Materia 1: proximosExamenes count = 1
[DEBUG] Examen variables calculated for 7: Parcial inst1
[DEBUG] Alumno 8, Materia 1: cursada found? YES
[DEBUG] Recursado variables calculated for 8
[DEBUG] Alumno 8, Materia 1: proximosExamenes count = 1
[DEBUG] Examen variables calculated for 8: Recuperatorio inst1
[DEBUG] Alumno 9, Materia 1: cursada found? YES
[DEBUG] Recursado variables calculated for 9
[DEBUG] Alumno 9, Materia 1: proximosExamenes count = 1
[DEBUG] Examen variables calculated for 9: Parcial inst2
[DEBUG] Alumno 10, Materia 1: cursada found? YES
[DEBUG] Recursado variables calculated for 10
[DEBUG] Alumno 10, Materia 1: proximosExamenes count = 1
[DEBUG] Examen variables calculated for 10: Parcial inst2
[DEBUG] Alumno 11, Materia 1: cursada found? YES
[DEBUG] Recursado variables calculated for 11
[DEBUG] Alumno 11, Materia 1: proximosExamenes count = 1
[DEBUG] Examen variables calculated for 11: Parcial inst1
[DEBUG] Alumno 12, Materia 1: cursada found? YES
[DEBUG] Recursado variables calculated for 12
[DEBUG] Alumno 12, Materia 1: proximosExamenes count = 1
[DEBUG] Examen variables calculated for 12: Recuperatorio inst1
[DEBUG] Alumno 13, Materia 1: cursada found? YES
[DEBUG] Recursado variables calculated for 13
[DEBUG] Alumno 13, Materia 1: proximosExamenes count = 1
[DEBUG] Examen variables calculated for 13: Recuperatorio inst1
[DEBUG] Alumno 14, Materia 1: cursada found? YES
[DEBUG] Recursado variables calculated for 14
[DEBUG] Alumno 14, Materia 1: proximosExamenes count = 1
[DEBUG] Examen variables calculated for 14: Parcial inst1
[DEBUG] Alumno 15, Materia 1: cursada found? YES
[DEBUG] Recursado variables calculated for 15
[DEBUG] Alumno 15, Materia 1: proximosExamenes count = 1
[DEBUG] Examen variables calculated for 15: Parcial inst2
[DEBUG] Alumno 16, Materia 1: cursada found? YES
[DEBUG] Recursado variables calculated for 16
[DEBUG] Alumno 16, Materia 1: proximosExamenes count = 1
[DEBUG] Examen variables calculated for 16: Recuperatorio inst1
[DEBUG] Alumno 17, Materia 1: cursada found? YES
[DEBUG] Recursado variables calculated for 17
[DEBUG] Alumno 17, Materia 1: proximosExamenes count = 1
[DEBUG] Examen variables calculated for 17: Parcial inst1
[DEBUG] Batch sizes: abandono=13, recursado=13, examen=13
[DEBUG] prediccionesCalculadas sample: [
  {
    alumnoId: 5,
    abandono: null,
    recursado: null,
    nota: null,
    variables_abandono: {
      Genero: 1,
      Edad: 22,
      AyudaFinanciera: 0,
      ColegioTecnico: 0,
      AnioIngreso: 2022,
      PromedioColegio: 6.9,
      CantMaterias: 3,
      CantRecursa: 1,
      TasaRecursa: 0.3333,
      PromedioAsistencia: 0.7833,
      CantAniosCursados: 3,
      CantExamenesRendidos: 6,
      PromedioNota: 6.7633,
      CantFinalesRendidos: 2,
      CantAusencias: 1,
      TasaAusencia: 0.1429,
      CantAprobados: 6,
      TasaAprobacion: 1,
      _meta: [Object]
    },
    variables_recursado: {
      Materia: 0,
      Asistencia: 0.9,
      AyudaFinanciera: 0,
      ColegioTecnico: 0,
      PromedioColegio: 6.9,
      AnioCursada: 2022,
      Genero: 1,
      Edad: 22,
      AniosDesdeIngreso: 0,
      VecesRendidaExamenMateria: 3,
      VecesAusenteMateria: 1,
      PromedioNotaMateria: 7.6933,
      TasaAprobacionMateria: 1,
      PromedioNotaGeneral: 6.7633,
      TasaAprobacionGeneral: 1,
      _meta: [Object]
    },
    anio_recursado: 2022,
    variables_examen: {
      Materia: 0,
      TipoExamen: 'Recuperatorio',
      Instancia: 2,
      Anio: 2022,
      Asistencia: 0.9,
      VecesRecursada: 1,
      Genero: 1,
      Edad: 22,
      AyudaFinanciera: 0,
      ColegioTecnico: 0,
      PromedioColegio: 6.9,
      AniosDesdeIngreso: 0,
      VecesCursadaMateria: 2,
      TasaRecursaMateria: 0.5,
      PromedioAsistenciaHistMateria: 0.775,
      TotalCursadasGeneral: 3,
      TasaRecursaGeneral: 0.3333,
      PromedioAsistenciaGeneral: 0.7833,
      PosicionFlujo: 4,
      AsistenciaBajaRiesgo: 0,
      NotaPromedioParcialCursada: 8.245,
      CantParcialesAprobados: 2,
      EsUltimaInstancia: 0,
      TieneFinalAM1: 1,
      _meta: [Object]
    },
    examen_info: { tipo: 'Recuperatorio', instancia: 2, anio: 2022 }
  },
  {
    alumnoId: 6,
    abandono: null,
    recursado: null,
    nota: null,
    variables_abandono: {
      Genero: 1,
      Edad: 19,
      AyudaFinanciera: 0,
      ColegioTecnico: 0,
      AnioIngreso: 2026,
      PromedioColegio: 7.2,
      CantMaterias: 1,
      CantRecursa: 0,
      TasaRecursa: 0,
      PromedioAsistencia: 0.88,
      CantAniosCursados: 1,
      CantExamenesRendidos: 0,
      PromedioNota: 0,
      CantFinalesRendidos: 0,
      CantAusencias: 0,
      TasaAusencia: 0,
      CantAprobados: 0,
      TasaAprobacion: 0,
      _meta: [Object]
    },
    variables_recursado: {
      Materia: 0,
      Asistencia: 0.88,
      AyudaFinanciera: 0,
      ColegioTecnico: 0,
      PromedioColegio: 7.2,
      AnioCursada: 2026,
      Genero: 1,
      Edad: 19,
      AniosDesdeIngreso: 0,
      VecesRendidaExamenMateria: 0,
      VecesAusenteMateria: 0,
      PromedioNotaMateria: 0,
      TasaAprobacionMateria: 0,
      PromedioNotaGeneral: 0,
      TasaAprobacionGeneral: 0,
      _meta: [Object]
    },
    anio_recursado: 2026,
    variables_examen: {
      Materia: 0,
      TipoExamen: 'Parcial',
      Instancia: 1,
      Anio: 2026,
      Asistencia: 0.88,
      VecesRecursada: 0,
      Genero: 1,
      Edad: 19,
      AyudaFinanciera: 0,
      ColegioTecnico: 0,
      PromedioColegio: 7.2,
      AniosDesdeIngreso: 0,
      VecesCursadaMateria: 1,
      TasaRecursaMateria: 0,
      PromedioAsistenciaHistMateria: 0.88,
      TotalCursadasGeneral: 1,
      TasaRecursaGeneral: 0,
      PromedioAsistenciaGeneral: 0.88,
      PosicionFlujo: 1,
      AsistenciaBajaRiesgo: 0,
      NotaPromedioParcialCursada: 0,
      CantParcialesAprobados: 0,
      EsUltimaInstancia: 0,
      TieneFinalAM1: 0,
      _meta: [Object]
    },
    examen_info: { tipo: 'Parcial', instancia: 1, anio: 2026 }
  }
]
[DEBUG] Calling FastAPI /predict/materia with 10 records...
[DEBUG] URL: http://localhost:8000/predict/materia
[DEBUG] FastAPI /predict/materia responded with status 200
[DEBUG] Calling FastAPI /predict/materia with 3 records...
[DEBUG] URL: http://localhost:8000/predict/materia
[DEBUG] FastAPI /predict/materia responded with status 200
[DEBUG] Calling FastAPI /predict/examen with 10 records...
[DEBUG] URL: http://localhost:8000/predict/examen
[DEBUG] FastAPI /predict/examen responded with status 200
[DEBUG] Calling FastAPI /predict/examen with 3 records...
[DEBUG] URL: http://localhost:8000/predict/examen
[DEBUG] FastAPI /predict/examen responded with status 200

RESULTADO:
{
  "5": {
    "abandono": {
      "abandona": false,
      "probabilidad": 0.0002,
      "risk": {
        "level": "BAJO",
        "color": "green",
        "label": "Bajo riesgo de abandono",
        "icon": "≡ƒƒó"
      }
    },
    "recursado": {
      "recursa": false,
      "probabilidad": 0.005,
      "risk": {
        "level": "BAJO",
        "color": "green",
        "label": "Bajo riesgo de recursado",
        "icon": "≡ƒƒó"
      }
    },
    "nota": {
      "nota": 6.04,
      "examen_info": {
        "tipo": "Recuperatorio",
        "instancia": 2,
        "anio": 2022
      },
      "nota_level": {
        "level": "BUENO",
        "color": "amber",
        "label": "Bueno",
        "icon": "Γ¡É",
        "rating": "Bueno"
      }
    }
  },
  "6": {
    "abandono": {
      "abandona": true,
      "probabilidad": 0.9904,
      "risk": {
        "level": "ALTO",
        "color": "red",
        "label": "Riesgo alto de abandono",
        "icon": "≡ƒö┤"
      }
    },
    "recursado": {
      "recursa": true,
      "probabilidad": 0.9986,
      "risk": {
        "level": "ALTO",
        "color": "red",
        "label": "Riesgo alto de recursado",
        "icon": "≡ƒö┤"
      }
    },
    "nota": {
      "nota": 1.42,
      "examen_info": {
        "tipo": "Parcial",
        "instancia": 1,
        "anio": 2026
      },
      "nota_level": {
        "level": "REPROBADO",
        "color": "red",
        "label": "Reprobado",
        "icon": "Γ¥î",
        "rating": "Bajo"
      }
    }
  },
  "7": {
    "abandono": {
      "abandona": true,
      "probabilidad": 0.9959,
      "risk": {
        "level": "ALTO",
        "color": "red",
        "label": "Riesgo alto de abandono",
        "icon": "≡ƒö┤"
      }
    },
    "recursado": {
      "recursa": true,
      "probabilidad": 0.9995,
      "risk": {
        "level": "ALTO",
        "color": "red",
        "label": "Riesgo alto de recursado",
        "icon": "≡ƒö┤"
      }
    },
    "nota": {
      "nota": 1.42,
      "examen_info": {
        "tipo": "Parcial",
        "instancia": 1,
        "anio": 2026
      },
      "nota_level": {
        "level": "REPROBADO",
        "color": "red",
        "label": "Reprobado",
        "icon": "Γ¥î",
        "rating": "Bajo"
      }
    }
  },
  "8": {
    "abandono": {
      "abandona": true,
      "probabilidad": 0.9756,
      "risk": {
        "level": "ALTO",
        "color": "red",
        "label": "Riesgo alto de abandono",
        "icon": "≡ƒö┤"
      }
    },
    "recursado": {
      "recursa": false,
      "probabilidad": 0.0004,
      "risk": {
        "level": "BAJO",
        "color": "green",
        "label": "Bajo riesgo de recursado",
        "icon": "≡ƒƒó"
      }
    },
    "nota": {
      "nota": 7.29,
      "examen_info": {
        "tipo": "Recuperatorio",
        "instancia": 1,
        "anio": 2026
      },
      "nota_level": {
        "level": "BUENO",
        "color": "amber",
        "label": "Bueno",
        "icon": "Γ¡É",
        "rating": "Bueno"
      }
    }
  },
  "9": {
    "abandono": {
      "abandona": true,
      "probabilidad": 0.5512,
      "risk": {
        "level": "MEDIO",
        "color": "yellow",
        "label": "Riesgo medio de abandono",
        "icon": "≡ƒƒí"
      }
    },
    "recursado": {
      "recursa": false,
      "probabilidad": 0.0249,
      "risk": {
        "level": "BAJO",
        "color": "green",
        "label": "Bajo riesgo de recursado",
        "icon": "≡ƒƒó"
      }
    },
    "nota": {
      "nota": 2.47,
      "examen_info": {
        "tipo": "Parcial",
        "instancia": 2,
        "anio": 2026
      },
      "nota_level": {
        "level": "REPROBADO",
        "color": "red",
        "label": "Reprobado",
        "icon": "Γ¥î",
        "rating": "Bajo"
      }
    }
  },
  "10": {
    "abandono": {
      "abandona": true,
      "probabilidad": 0.8262,
      "risk": {
        "level": "ALTO",
        "color": "red",
        "label": "Riesgo alto de abandono",
        "icon": "≡ƒö┤"
      }
    },
    "recursado": {
      "recursa": true,
      "probabilidad": 0.9991,
      "risk": {
        "level": "ALTO",
        "color": "red",
        "label": "Riesgo alto de recursado",
        "icon": "≡ƒö┤"
      }
    },
    "nota": {
      "nota": 1.77,
      "examen_info": {
        "tipo": "Parcial",
        "instancia": 2,
        "anio": 2026
      },
      "nota_level": {
        "level": "REPROBADO",
        "color": "red",
        "label": "Reprobado",
        "icon": "Γ¥î",
        "rating": "Bajo"
      }
    }
  },
  "11": {
    "abandono": {
      "abandona": false,
      "probabilidad": 0.4651,
      "risk": {
        "level": "BAJO",
        "color": "green",
        "label": "Bajo riesgo de abandono",
        "icon": "≡ƒƒó"
      }
    },
    "recursado": {
      "recursa": false,
      "probabilidad": 0.0026,
      "risk": {
        "level": "BAJO",
        "color": "green",
        "label": "Bajo riesgo de recursado",
        "icon": "≡ƒƒó"
      }
    },
    "nota": {
      "nota": 1.42,
      "examen_info": {
        "tipo": "Parcial",
        "instancia": 1,
        "anio": 2026
      },
      "nota_level": {
        "level": "REPROBADO",
        "color": "red",
        "label": "Reprobado",
        "icon": "Γ¥î",
        "rating": "Bajo"
      }
    }
  },
  "12": {
    "abandono": {
      "abandona": false,
      "probabilidad": 0.1849,
      "risk": {
        "level": "BAJO",
        "color": "green",
        "label": "Bajo riesgo de abandono",
        "icon": "≡ƒƒó"
      }
    },
    "recursado": {
      "recursa": true,
      "probabilidad": 0.9796,
      "risk": {
        "level": "ALTO",
        "color": "red",
        "label": "Riesgo alto de recursado",
        "icon": "≡ƒö┤"
      }
    },
    "nota": {
      "nota": 6.01,
      "examen_info": {
        "tipo": "Recuperatorio",
        "instancia": 1,
        "anio": 2026
      },
      "nota_level": {
        "level": "BUENO",
        "color": "amber",
        "label": "Bueno",
        "icon": "Γ¡É",
        "rating": "Bueno"
      }
    }
  },
  "13": {
    "abandono": {
      "abandona": false,
      "probabilidad": 0.0147,
      "risk": {
        "level": "BAJO",
        "color": "green",
        "label": "Bajo riesgo de abandono",
        "icon": "≡ƒƒó"
      }
    },
    "recursado": {
      "recursa": false,
      "probabilidad": 0.0021,
      "risk": {
        "level": "BAJO",
        "color": "green",
        "label": "Bajo riesgo de recursado",
        "icon": "≡ƒƒó"
      }
    },
    "nota": {
      "nota": 6.86,
      "examen_info": {
        "tipo": "Recuperatorio",
        "instancia": 1,
        "anio": 2026
      },
      "nota_level": {
        "level": "BUENO",
        "color": "amber",
        "label": "Bueno",
        "icon": "Γ¡É",
        "rating": "Bueno"
      }
    }
  },
  "14": {
    "abandono": {
      "abandona": true,
      "probabilidad": 0.9142,
      "risk": {
        "level": "ALTO",
        "color": "red",
        "label": "Riesgo alto de abandono",
        "icon": "≡ƒö┤"
      }
    },
    "recursado": {
      "recursa": true,
      "probabilidad": 0.9904,
      "risk": {
        "level": "ALTO",
        "color": "red",
        "label": "Riesgo alto de recursado",
        "icon": "≡ƒö┤"
      }
    },
    "nota": {
      "nota": 1.42,
      "examen_info": {
        "tipo": "Parcial",
        "instancia": 1,
        "anio": 2026
      },
      "nota_level": {
        "level": "REPROBADO",
        "color": "red",
        "label": "Reprobado",
        "icon": "Γ¥î",
        "rating": "Bajo"
      }
    }
  },
  "15": {
    "abandono": {
      "abandona": false,
      "probabilidad": 0.0069,
      "risk": {
        "level": "BAJO",
        "color": "green",
        "label": "Bajo riesgo de abandono",
        "icon": "≡ƒƒó"
      }
    },
    "recursado": {
      "recursa": true,
      "probabilidad": 0.9977,
      "risk": {
        "level": "ALTO",
        "color": "red",
        "label": "Riesgo alto de recursado",
        "icon": "≡ƒö┤"
      }
    },
    "nota": {
      "nota": 1.43,
      "examen_info": {
        "tipo": "Parcial",
        "instancia": 2,
        "anio": 2026
      },
      "nota_level": {
        "level": "REPROBADO",
        "color": "red",
        "label": "Reprobado",
        "icon": "Γ¥î",
        "rating": "Bajo"
      }
    }
  },
  "16": {
    "abandono": {
      "abandona": false,
      "probabilidad": 0.0023,
      "risk": {
        "level": "BAJO",
        "color": "green",
        "label": "Bajo riesgo de abandono",
        "icon": "≡ƒƒó"
      }
    },
    "recursado": {
      "recursa": false,
      "probabilidad": 0.351,
      "risk": {
        "level": "BAJO",
        "color": "green",
        "label": "Bajo riesgo de recursado",
        "icon": "≡ƒƒó"
      }
    },
    "nota": {
      "nota": 5.13,
      "examen_info": {
        "tipo": "Recuperatorio",
        "instancia": 1,
        "anio": 2026
      },
      "nota_level": {
        "level": "APROBADO",
        "color": "orange",
        "label": "Aprobado",
        "icon": "Γ£à",
        "rating": "Regular"
      }
    }
  },
  "17": {
    "abandono": {
      "abandona": false,
      "probabilidad": 0.0033,
      "risk": {
        "level": "BAJO",
        "color": "green",
        "label": "Bajo riesgo de abandono",
        "icon": "≡ƒƒó"
      }
    },
    "recursado": {
      "recursa": false,
      "probabilidad": 0.099,
      "risk": {
        "level": "BAJO",
        "color": "green",
        "label": "Bajo riesgo de recursado",
        "icon": "≡ƒƒó"
      }
    },
    "nota": {
      "nota": 1.41,
      "examen_info": {
        "tipo": "Parcial",
        "instancia": 1,
        "anio": 2026
      },
      "nota_level": {
        "level": "REPROBADO",
        "color": "red",
        "label": "Reprobado",
        "icon": "Γ¥î",
        "rating": "Bajo"
      }
    }
  }
}
